------------------------------------------------------------
Timing Analyzer Summary
------------------------------------------------------------

Type  : Slow 1100mV 85C Model Setup 'GPIO_1[35]'
Slack : -10.765
TNS   : -125.987

Type  : Slow 1100mV 85C Model Setup 'GPIO_1[34]'
Slack : -9.037
TNS   : -121.629

Type  : Slow 1100mV 85C Model Setup 'datapath:DATAPATH_INSTANCE|PROX_SENSOR_ELEM:proximity_sensor|prox_sensor:sensor|curr_state.FIN_1'
Slack : -5.725
TNS   : -101.538

Type  : Slow 1100mV 85C Model Setup 'controller:CONTROLLER_INSTANCE|current_distance[10]'
Slack : -5.005
TNS   : -14.107

Type  : Slow 1100mV 85C Model Setup 'clk_div:clk_divisor|internal'
Slack : -4.064
TNS   : -768.836

Type  : Slow 1100mV 85C Model Setup 'controller:CONTROLLER_INSTANCE|curr_state_DIST.D_RESET'
Slack : -3.483
TNS   : -117.271

Type  : Slow 1100mV 85C Model Setup 'CLOCK_50'
Slack : -2.824
TNS   : -108.962

Type  : Slow 1100mV 85C Model Setup 'datapath:DATAPATH_INSTANCE|SAR_ADC_ELEM:sar_adc|SAR_CU:control_unit|curr_state.UPDATE'
Slack : -2.150
TNS   : -14.095

Type  : Slow 1100mV 85C Model Setup 'datapath:DATAPATH_INSTANCE|SAR_ADC_ELEM:sar_adc|SAR_CU:control_unit|curr_state.IDLE'
Slack : -1.730
TNS   : -1.730

Type  : Slow 1100mV 85C Model Setup 'controller:CONTROLLER_INSTANCE|curr_state_MOTOR.M_BACK'
Slack : -0.832
TNS   : -0.832

Type  : Slow 1100mV 85C Model Hold 'GPIO_1[35]'
Slack : -9.104
TNS   : -127.474

Type  : Slow 1100mV 85C Model Hold 'CLOCK_50'
Slack : -3.812
TNS   : -3.812

Type  : Slow 1100mV 85C Model Hold 'GPIO_1[34]'
Slack : -1.304
TNS   : -8.525

Type  : Slow 1100mV 85C Model Hold 'clk_div:clk_divisor|internal'
Slack : -1.188
TNS   : -6.827

Type  : Slow 1100mV 85C Model Hold 'controller:CONTROLLER_INSTANCE|curr_state_MOTOR.M_BACK'
Slack : -0.575
TNS   : -0.575

Type  : Slow 1100mV 85C Model Hold 'controller:CONTROLLER_INSTANCE|curr_state_DIST.D_RESET'
Slack : 0.024
TNS   : 0.000

Type  : Slow 1100mV 85C Model Hold 'datapath:DATAPATH_INSTANCE|SAR_ADC_ELEM:sar_adc|SAR_CU:control_unit|curr_state.UPDATE'
Slack : 0.298
TNS   : 0.000

Type  : Slow 1100mV 85C Model Hold 'datapath:DATAPATH_INSTANCE|SAR_ADC_ELEM:sar_adc|SAR_CU:control_unit|curr_state.IDLE'
Slack : 0.533
TNS   : 0.000

Type  : Slow 1100mV 85C Model Hold 'controller:CONTROLLER_INSTANCE|current_distance[10]'
Slack : 0.718
TNS   : 0.000

Type  : Slow 1100mV 85C Model Hold 'datapath:DATAPATH_INSTANCE|PROX_SENSOR_ELEM:proximity_sensor|prox_sensor:sensor|curr_state.FIN_1'
Slack : 1.787
TNS   : 0.000

Type  : Slow 1100mV 85C Model Recovery 'GPIO_1[35]'
Slack : -8.911
TNS   : -70.167

Type  : Slow 1100mV 85C Model Recovery 'controller:CONTROLLER_INSTANCE|current_distance[10]'
Slack : -2.922
TNS   : -5.700

Type  : Slow 1100mV 85C Model Recovery 'clk_div:clk_divisor|internal'
Slack : -2.091
TNS   : -434.865

Type  : Slow 1100mV 85C Model Removal 'clk_div:clk_divisor|internal'
Slack : -0.344
TNS   : -4.679

Type  : Slow 1100mV 85C Model Removal 'GPIO_1[35]'
Slack : 0.040
TNS   : 0.000

Type  : Slow 1100mV 85C Model Removal 'controller:CONTROLLER_INSTANCE|current_distance[10]'
Slack : 0.214
TNS   : 0.000

Type  : Slow 1100mV 85C Model Minimum Pulse Width 'clk_div:clk_divisor|internal'
Slack : -2.225
TNS   : -246.822

Type  : Slow 1100mV 85C Model Minimum Pulse Width 'GPIO_1[35]'
Slack : -0.421
TNS   : -13.614

Type  : Slow 1100mV 85C Model Minimum Pulse Width 'CLOCK_50'
Slack : -0.394
TNS   : -22.592

Type  : Slow 1100mV 85C Model Minimum Pulse Width 'GPIO_1[34]'
Slack : 0.100
TNS   : 0.000

Type  : Slow 1100mV 85C Model Minimum Pulse Width 'controller:CONTROLLER_INSTANCE|curr_state_DIST.D_RESET'
Slack : 0.175
TNS   : 0.000

Type  : Slow 1100mV 85C Model Minimum Pulse Width 'controller:CONTROLLER_INSTANCE|curr_state_MOTOR.M_BACK'
Slack : 0.213
TNS   : 0.000

Type  : Slow 1100mV 85C Model Minimum Pulse Width 'datapath:DATAPATH_INSTANCE|PROX_SENSOR_ELEM:proximity_sensor|prox_sensor:sensor|curr_state.FIN_1'
Slack : 0.332
TNS   : 0.000

Type  : Slow 1100mV 85C Model Minimum Pulse Width 'datapath:DATAPATH_INSTANCE|SAR_ADC_ELEM:sar_adc|SAR_CU:control_unit|curr_state.UPDATE'
Slack : 0.346
TNS   : 0.000

Type  : Slow 1100mV 85C Model Minimum Pulse Width 'controller:CONTROLLER_INSTANCE|current_distance[10]'
Slack : 0.415
TNS   : 0.000

Type  : Slow 1100mV 85C Model Minimum Pulse Width 'datapath:DATAPATH_INSTANCE|SAR_ADC_ELEM:sar_adc|SAR_CU:control_unit|curr_state.IDLE'
Slack : 0.418
TNS   : 0.000

Type  : Slow 1100mV 0C Model Setup 'GPIO_1[35]'
Slack : -10.219
TNS   : -118.873

Type  : Slow 1100mV 0C Model Setup 'GPIO_1[34]'
Slack : -8.841
TNS   : -118.555

Type  : Slow 1100mV 0C Model Setup 'datapath:DATAPATH_INSTANCE|PROX_SENSOR_ELEM:proximity_sensor|prox_sensor:sensor|curr_state.FIN_1'
Slack : -5.881
TNS   : -104.065

Type  : Slow 1100mV 0C Model Setup 'controller:CONTROLLER_INSTANCE|current_distance[10]'
Slack : -4.982
TNS   : -14.101

Type  : Slow 1100mV 0C Model Setup 'clk_div:clk_divisor|internal'
Slack : -4.045
TNS   : -762.366

Type  : Slow 1100mV 0C Model Setup 'controller:CONTROLLER_INSTANCE|curr_state_DIST.D_RESET'
Slack : -3.301
TNS   : -112.563

Type  : Slow 1100mV 0C Model Setup 'CLOCK_50'
Slack : -2.904
TNS   : -107.817

Type  : Slow 1100mV 0C Model Setup 'datapath:DATAPATH_INSTANCE|SAR_ADC_ELEM:sar_adc|SAR_CU:control_unit|curr_state.UPDATE'
Slack : -2.036
TNS   : -13.633

Type  : Slow 1100mV 0C Model Setup 'datapath:DATAPATH_INSTANCE|SAR_ADC_ELEM:sar_adc|SAR_CU:control_unit|curr_state.IDLE'
Slack : -1.752
TNS   : -1.752

Type  : Slow 1100mV 0C Model Setup 'controller:CONTROLLER_INSTANCE|curr_state_MOTOR.M_BACK'
Slack : -0.727
TNS   : -0.727

Type  : Slow 1100mV 0C Model Hold 'GPIO_1[35]'
Slack : -8.933
TNS   : -125.342

Type  : Slow 1100mV 0C Model Hold 'CLOCK_50'
Slack : -3.628
TNS   : -3.628

Type  : Slow 1100mV 0C Model Hold 'GPIO_1[34]'
Slack : -1.336
TNS   : -8.838

Type  : Slow 1100mV 0C Model Hold 'clk_div:clk_divisor|internal'
Slack : -1.074
TNS   : -5.539

Type  : Slow 1100mV 0C Model Hold 'controller:CONTROLLER_INSTANCE|curr_state_MOTOR.M_BACK'
Slack : -0.662
TNS   : -0.662

Type  : Slow 1100mV 0C Model Hold 'controller:CONTROLLER_INSTANCE|curr_state_DIST.D_RESET'
Slack : -0.051
TNS   : -0.051

Type  : Slow 1100mV 0C Model Hold 'datapath:DATAPATH_INSTANCE|SAR_ADC_ELEM:sar_adc|SAR_CU:control_unit|curr_state.UPDATE'
Slack : 0.185
TNS   : 0.000

Type  : Slow 1100mV 0C Model Hold 'datapath:DATAPATH_INSTANCE|SAR_ADC_ELEM:sar_adc|SAR_CU:control_unit|curr_state.IDLE'
Slack : 0.466
TNS   : 0.000

Type  : Slow 1100mV 0C Model Hold 'controller:CONTROLLER_INSTANCE|current_distance[10]'
Slack : 0.713
TNS   : 0.000

Type  : Slow 1100mV 0C Model Hold 'datapath:DATAPATH_INSTANCE|PROX_SENSOR_ELEM:proximity_sensor|prox_sensor:sensor|curr_state.FIN_1'
Slack : 1.847
TNS   : 0.000

Type  : Slow 1100mV 0C Model Recovery 'GPIO_1[35]'
Slack : -8.364
TNS   : -65.835

Type  : Slow 1100mV 0C Model Recovery 'controller:CONTROLLER_INSTANCE|current_distance[10]'
Slack : -2.784
TNS   : -5.468

Type  : Slow 1100mV 0C Model Recovery 'clk_div:clk_divisor|internal'
Slack : -1.966
TNS   : -417.198

Type  : Slow 1100mV 0C Model Removal 'clk_div:clk_divisor|internal'
Slack : -0.282
TNS   : -3.808

Type  : Slow 1100mV 0C Model Removal 'GPIO_1[35]'
Slack : -0.257
TNS   : -1.001

Type  : Slow 1100mV 0C Model Removal 'controller:CONTROLLER_INSTANCE|current_distance[10]'
Slack : 0.132
TNS   : 0.000

Type  : Slow 1100mV 0C Model Minimum Pulse Width 'clk_div:clk_divisor|internal'
Slack : -2.225
TNS   : -244.979

Type  : Slow 1100mV 0C Model Minimum Pulse Width 'CLOCK_50'
Slack : -0.442
TNS   : -24.431

Type  : Slow 1100mV 0C Model Minimum Pulse Width 'GPIO_1[35]'
Slack : -0.394
TNS   : -12.590

Type  : Slow 1100mV 0C Model Minimum Pulse Width 'GPIO_1[34]'
Slack : 0.139
TNS   : 0.000

Type  : Slow 1100mV 0C Model Minimum Pulse Width 'controller:CONTROLLER_INSTANCE|curr_state_DIST.D_RESET'
Slack : 0.192
TNS   : 0.000

Type  : Slow 1100mV 0C Model Minimum Pulse Width 'controller:CONTROLLER_INSTANCE|curr_state_MOTOR.M_BACK'
Slack : 0.198
TNS   : 0.000

Type  : Slow 1100mV 0C Model Minimum Pulse Width 'datapath:DATAPATH_INSTANCE|PROX_SENSOR_ELEM:proximity_sensor|prox_sensor:sensor|curr_state.FIN_1'
Slack : 0.329
TNS   : 0.000

Type  : Slow 1100mV 0C Model Minimum Pulse Width 'datapath:DATAPATH_INSTANCE|SAR_ADC_ELEM:sar_adc|SAR_CU:control_unit|curr_state.UPDATE'
Slack : 0.335
TNS   : 0.000

Type  : Slow 1100mV 0C Model Minimum Pulse Width 'datapath:DATAPATH_INSTANCE|SAR_ADC_ELEM:sar_adc|SAR_CU:control_unit|curr_state.IDLE'
Slack : 0.413
TNS   : 0.000

Type  : Slow 1100mV 0C Model Minimum Pulse Width 'controller:CONTROLLER_INSTANCE|current_distance[10]'
Slack : 0.414
TNS   : 0.000

Type  : Fast 1100mV 85C Model Setup 'GPIO_1[35]'
Slack : -8.484
TNS   : -100.915

Type  : Fast 1100mV 85C Model Setup 'GPIO_1[34]'
Slack : -5.235
TNS   : -65.873

Type  : Fast 1100mV 85C Model Setup 'datapath:DATAPATH_INSTANCE|PROX_SENSOR_ELEM:proximity_sensor|prox_sensor:sensor|curr_state.FIN_1'
Slack : -3.001
TNS   : -52.040

Type  : Fast 1100mV 85C Model Setup 'controller:CONTROLLER_INSTANCE|current_distance[10]'
Slack : -2.575
TNS   : -7.137

Type  : Fast 1100mV 85C Model Setup 'clk_div:clk_divisor|internal'
Slack : -2.348
TNS   : -366.388

Type  : Fast 1100mV 85C Model Setup 'controller:CONTROLLER_INSTANCE|curr_state_DIST.D_RESET'
Slack : -1.776
TNS   : -53.753

Type  : Fast 1100mV 85C Model Setup 'CLOCK_50'
Slack : -1.337
TNS   : -48.509

Type  : Fast 1100mV 85C Model Setup 'datapath:DATAPATH_INSTANCE|SAR_ADC_ELEM:sar_adc|SAR_CU:control_unit|curr_state.UPDATE'
Slack : -1.075
TNS   : -6.477

Type  : Fast 1100mV 85C Model Setup 'datapath:DATAPATH_INSTANCE|SAR_ADC_ELEM:sar_adc|SAR_CU:control_unit|curr_state.IDLE'
Slack : -0.956
TNS   : -0.956

Type  : Fast 1100mV 85C Model Setup 'controller:CONTROLLER_INSTANCE|curr_state_MOTOR.M_BACK'
Slack : -0.232
TNS   : -0.232

Type  : Fast 1100mV 85C Model Hold 'GPIO_1[35]'
Slack : -5.057
TNS   : -70.889

Type  : Fast 1100mV 85C Model Hold 'CLOCK_50'
Slack : -2.220
TNS   : -2.220

Type  : Fast 1100mV 85C Model Hold 'clk_div:clk_divisor|internal'
Slack : -0.780
TNS   : -6.340

Type  : Fast 1100mV 85C Model Hold 'GPIO_1[34]'
Slack : -0.730
TNS   : -4.806

Type  : Fast 1100mV 85C Model Hold 'controller:CONTROLLER_INSTANCE|curr_state_MOTOR.M_BACK'
Slack : -0.351
TNS   : -0.351

Type  : Fast 1100mV 85C Model Hold 'controller:CONTROLLER_INSTANCE|curr_state_DIST.D_RESET'
Slack : -0.075
TNS   : -0.242

Type  : Fast 1100mV 85C Model Hold 'datapath:DATAPATH_INSTANCE|SAR_ADC_ELEM:sar_adc|SAR_CU:control_unit|curr_state.UPDATE'
Slack : 0.184
TNS   : 0.000

Type  : Fast 1100mV 85C Model Hold 'datapath:DATAPATH_INSTANCE|SAR_ADC_ELEM:sar_adc|SAR_CU:control_unit|curr_state.IDLE'
Slack : 0.244
TNS   : 0.000

Type  : Fast 1100mV 85C Model Hold 'controller:CONTROLLER_INSTANCE|current_distance[10]'
Slack : 0.367
TNS   : 0.000

Type  : Fast 1100mV 85C Model Hold 'datapath:DATAPATH_INSTANCE|PROX_SENSOR_ELEM:proximity_sensor|prox_sensor:sensor|curr_state.FIN_1'
Slack : 1.007
TNS   : 0.000

Type  : Fast 1100mV 85C Model Recovery 'GPIO_1[35]'
Slack : -7.244
TNS   : -57.189

Type  : Fast 1100mV 85C Model Recovery 'controller:CONTROLLER_INSTANCE|current_distance[10]'
Slack : -1.577
TNS   : -2.717

Type  : Fast 1100mV 85C Model Recovery 'clk_div:clk_divisor|internal'
Slack : -1.109
TNS   : -242.321

Type  : Fast 1100mV 85C Model Removal 'clk_div:clk_divisor|internal'
Slack : -0.374
TNS   : -5.179

Type  : Fast 1100mV 85C Model Removal 'controller:CONTROLLER_INSTANCE|current_distance[10]'
Slack : 0.241
TNS   : 0.000

Type  : Fast 1100mV 85C Model Removal 'GPIO_1[35]'
Slack : 0.980
TNS   : 0.000

Type  : Fast 1100mV 85C Model Minimum Pulse Width 'clk_div:clk_divisor|internal'
Slack : -1.702
TNS   : -40.883

Type  : Fast 1100mV 85C Model Minimum Pulse Width 'CLOCK_50'
Slack : -0.474
TNS   : -4.225

Type  : Fast 1100mV 85C Model Minimum Pulse Width 'GPIO_1[35]'
Slack : -0.454
TNS   : -9.894

Type  : Fast 1100mV 85C Model Minimum Pulse Width 'GPIO_1[34]'
Slack : -0.073
TNS   : -1.346

Type  : Fast 1100mV 85C Model Minimum Pulse Width 'controller:CONTROLLER_INSTANCE|curr_state_DIST.D_RESET'
Slack : 0.212
TNS   : 0.000

Type  : Fast 1100mV 85C Model Minimum Pulse Width 'controller:CONTROLLER_INSTANCE|curr_state_MOTOR.M_BACK'
Slack : 0.228
TNS   : 0.000

Type  : Fast 1100mV 85C Model Minimum Pulse Width 'datapath:DATAPATH_INSTANCE|SAR_ADC_ELEM:sar_adc|SAR_CU:control_unit|curr_state.UPDATE'
Slack : 0.364
TNS   : 0.000

Type  : Fast 1100mV 85C Model Minimum Pulse Width 'datapath:DATAPATH_INSTANCE|PROX_SENSOR_ELEM:proximity_sensor|prox_sensor:sensor|curr_state.FIN_1'
Slack : 0.369
TNS   : 0.000

Type  : Fast 1100mV 85C Model Minimum Pulse Width 'datapath:DATAPATH_INSTANCE|SAR_ADC_ELEM:sar_adc|SAR_CU:control_unit|curr_state.IDLE'
Slack : 0.395
TNS   : 0.000

Type  : Fast 1100mV 85C Model Minimum Pulse Width 'controller:CONTROLLER_INSTANCE|current_distance[10]'
Slack : 0.448
TNS   : 0.000

Type  : Fast 1100mV 0C Model Setup 'GPIO_1[35]'
Slack : -7.231
TNS   : -85.506

Type  : Fast 1100mV 0C Model Setup 'GPIO_1[34]'
Slack : -4.424
TNS   : -59.909

Type  : Fast 1100mV 0C Model Setup 'datapath:DATAPATH_INSTANCE|PROX_SENSOR_ELEM:proximity_sensor|prox_sensor:sensor|curr_state.FIN_1'
Slack : -2.839
TNS   : -49.655

Type  : Fast 1100mV 0C Model Setup 'controller:CONTROLLER_INSTANCE|current_distance[10]'
Slack : -2.330
TNS   : -6.465

Type  : Fast 1100mV 0C Model Setup 'clk_div:clk_divisor|internal'
Slack : -2.107
TNS   : -323.093

Type  : Fast 1100mV 0C Model Setup 'controller:CONTROLLER_INSTANCE|curr_state_DIST.D_RESET'
Slack : -1.507
TNS   : -45.721

Type  : Fast 1100mV 0C Model Setup 'CLOCK_50'
Slack : -1.195
TNS   : -42.128

Type  : Fast 1100mV 0C Model Setup 'datapath:DATAPATH_INSTANCE|SAR_ADC_ELEM:sar_adc|SAR_CU:control_unit|curr_state.UPDATE'
Slack : -0.945
TNS   : -5.836

Type  : Fast 1100mV 0C Model Setup 'datapath:DATAPATH_INSTANCE|SAR_ADC_ELEM:sar_adc|SAR_CU:control_unit|curr_state.IDLE'
Slack : -0.853
TNS   : -0.853

Type  : Fast 1100mV 0C Model Setup 'controller:CONTROLLER_INSTANCE|curr_state_MOTOR.M_BACK'
Slack : -0.185
TNS   : -0.185

Type  : Fast 1100mV 0C Model Hold 'GPIO_1[35]'
Slack : -4.959
TNS   : -69.921

Type  : Fast 1100mV 0C Model Hold 'CLOCK_50'
Slack : -2.078
TNS   : -2.078

Type  : Fast 1100mV 0C Model Hold 'GPIO_1[34]'
Slack : -0.774
TNS   : -5.277

Type  : Fast 1100mV 0C Model Hold 'clk_div:clk_divisor|internal'
Slack : -0.709
TNS   : -6.025

Type  : Fast 1100mV 0C Model Hold 'controller:CONTROLLER_INSTANCE|curr_state_MOTOR.M_BACK'
Slack : -0.332
TNS   : -0.332

Type  : Fast 1100mV 0C Model Hold 'controller:CONTROLLER_INSTANCE|curr_state_DIST.D_RESET'
Slack : -0.104
TNS   : -0.522

Type  : Fast 1100mV 0C Model Hold 'datapath:DATAPATH_INSTANCE|SAR_ADC_ELEM:sar_adc|SAR_CU:control_unit|curr_state.UPDATE'
Slack : 0.154
TNS   : 0.000

Type  : Fast 1100mV 0C Model Hold 'datapath:DATAPATH_INSTANCE|SAR_ADC_ELEM:sar_adc|SAR_CU:control_unit|curr_state.IDLE'
Slack : 0.163
TNS   : 0.000

Type  : Fast 1100mV 0C Model Hold 'controller:CONTROLLER_INSTANCE|current_distance[10]'
Slack : 0.341
TNS   : 0.000

Type  : Fast 1100mV 0C Model Hold 'datapath:DATAPATH_INSTANCE|PROX_SENSOR_ELEM:proximity_sensor|prox_sensor:sensor|curr_state.FIN_1'
Slack : 1.016
TNS   : 0.000

Type  : Fast 1100mV 0C Model Recovery 'GPIO_1[35]'
Slack : -6.128
TNS   : -48.343

Type  : Fast 1100mV 0C Model Recovery 'controller:CONTROLLER_INSTANCE|current_distance[10]'
Slack : -1.385
TNS   : -2.371

Type  : Fast 1100mV 0C Model Recovery 'clk_div:clk_divisor|internal'
Slack : -0.941
TNS   : -209.112

Type  : Fast 1100mV 0C Model Removal 'clk_div:clk_divisor|internal'
Slack : -0.349
TNS   : -4.824

Type  : Fast 1100mV 0C Model Removal 'controller:CONTROLLER_INSTANCE|current_distance[10]'
Slack : 0.214
TNS   : 0.000

Type  : Fast 1100mV 0C Model Removal 'GPIO_1[35]'
Slack : 0.487
TNS   : 0.000

Type  : Fast 1100mV 0C Model Minimum Pulse Width 'clk_div:clk_divisor|internal'
Slack : -1.702
TNS   : -37.616

Type  : Fast 1100mV 0C Model Minimum Pulse Width 'CLOCK_50'
Slack : -0.489
TNS   : -4.227

Type  : Fast 1100mV 0C Model Minimum Pulse Width 'GPIO_1[35]'
Slack : -0.413
TNS   : -8.574

Type  : Fast 1100mV 0C Model Minimum Pulse Width 'GPIO_1[34]'
Slack : -0.062
TNS   : -1.127

Type  : Fast 1100mV 0C Model Minimum Pulse Width 'controller:CONTROLLER_INSTANCE|curr_state_MOTOR.M_BACK'
Slack : 0.264
TNS   : 0.000

Type  : Fast 1100mV 0C Model Minimum Pulse Width 'controller:CONTROLLER_INSTANCE|curr_state_DIST.D_RESET'
Slack : 0.267
TNS   : 0.000

Type  : Fast 1100mV 0C Model Minimum Pulse Width 'datapath:DATAPATH_INSTANCE|SAR_ADC_ELEM:sar_adc|SAR_CU:control_unit|curr_state.UPDATE'
Slack : 0.378
TNS   : 0.000

Type  : Fast 1100mV 0C Model Minimum Pulse Width 'datapath:DATAPATH_INSTANCE|PROX_SENSOR_ELEM:proximity_sensor|prox_sensor:sensor|curr_state.FIN_1'
Slack : 0.386
TNS   : 0.000

Type  : Fast 1100mV 0C Model Minimum Pulse Width 'datapath:DATAPATH_INSTANCE|SAR_ADC_ELEM:sar_adc|SAR_CU:control_unit|curr_state.IDLE'
Slack : 0.412
TNS   : 0.000

Type  : Fast 1100mV 0C Model Minimum Pulse Width 'controller:CONTROLLER_INSTANCE|current_distance[10]'
Slack : 0.452
TNS   : 0.000

------------------------------------------------------------
